2025-04-14 04:45:01 status installed php8.4-fpm:amd64 8.4.6-1+0~20250411.26+debian12~1.gbpda4ea7
2025-04-14 04:45:01 status half-configured php8.4-fpm:amd64 8.4.6-1+0~20250411.26+debian12~1.gbpda4ea7
2025-04-14 04:45:01 trigproc php8.4-fpm:amd64 8.4.6-1+0~20250411.26+debian12~1.gbpda4ea7 <none>
2025-04-14 04:45:01 status installed php8.4-cli:amd64 8.4.6-1+0~20250411.26+debian12~1.gbpda4ea7
2025-04-14 04:45:01 status half-configured php8.4-cli:amd64 8.4.6-1+0~20250411.26+debian12~1.gbpda4ea7
2025-04-14 04:45:01 trigproc php8.4-cli:amd64 8.4.6-1+0~20250411.26+debian12~1.gbpda4ea7 <none>
2025-04-14 04:45:01 status installed libc-bin:amd64 2.36-9+deb12u10
2025-04-14 04:45:01 status half-configured libc-bin:amd64 2.36-9+deb12u10
2025-04-14 04:45:01 trigproc libc-bin:amd64 2.36-9+deb12u10 <none>
2025-04-14 04:45:01 status installed man-db:amd64 2.11.2-2
2025-04-14 04:44:58 status half-configured man-db:amd64 2.11.2-2
2025-04-14 04:44:58 trigproc man-db:amd64 2.11.2-2 <none>
2025-04-14 04:44:58 status triggers-pending php8.4-fpm:amd64 8.4.6-1+0~20250411.26+debian12~1.gbpda4ea7
2025-04-14 04:44:58 status installed php8.4-fpm:amd64 8.4.6-1+0~20250411.26+debian12~1.gbpda4ea7
2025-04-14 04:44:55 status half-configured php8.4-fpm:amd64 8.4.6-1+0~20250411.26+debian12~1.gbpda4ea7
2025-04-14 04:44:55 status unpacked php8.4-fpm:amd64 8.4.6-1+0~20250411.26+debian12~1.gbpda4ea7
2025-04-14 04:44:55 configure php8.4-fpm:amd64 8.4.6-1+0~20250411.26+debian12~1.gbpda4ea7 <none>
2025-04-14 04:44:55 status triggers-pending php8.4-cli:amd64 8.4.6-1+0~20250411.26+debian12~1.gbpda4ea7
2025-04-14 04:44:55 status installed php8.4-cli:amd64 8.4.6-1+0~20250411.26+debian12~1.gbpda4ea7
2025-04-14 04:44:54 status half-configured php8.4-cli:amd64 8.4.6-1+0~20250411.26+debian12~1.gbpda4ea7
2025-04-14 04:44:54 status unpacked php8.4-cli:amd64 8.4.6-1+0~20250411.26+debian12~1.gbpda4ea7
2025-04-14 04:44:54 configure php8.4-cli:amd64 8.4.6-1+0~20250411.26+debian12~1.gbpda4ea7 <none>
2025-04-14 04:44:54 status installed perl:amd64 5.36.0-7+deb12u2
2025-04-14 04:44:54 status half-configured perl:amd64 5.36.0-7+deb12u2
2025-04-14 04:44:54 status unpacked perl:amd64 5.36.0-7+deb12u2
2025-04-14 04:44:54 configure perl:amd64 5.36.0-7+deb12u2 <none>
2025-04-14 04:44:54 status installed php8.4-mysql:amd64 8.4.6-1+0~20250411.26+debian12~1.gbpda4ea7
2025-04-14 04:44:52 status half-configured php8.4-mysql:amd64 8.4.6-1+0~20250411.26+debian12~1.gbpda4ea7
2025-04-14 04:44:52 status unpacked php8.4-mysql:amd64 8.4.6-1+0~20250411.26+debian12~1.gbpda4ea7
2025-04-14 04:44:52 configure php8.4-mysql:amd64 8.4.6-1+0~20250411.26+debian12~1.gbpda4ea7 <none>
2025-04-14 04:44:52 status installed php8.4-mbstring:amd64 8.4.6-1+0~20250411.26+debian12~1.gbpda4ea7
2025-04-14 04:44:52 status half-configured php8.4-mbstring:amd64 8.4.6-1+0~20250411.26+debian12~1.gbpda4ea7
2025-04-14 04:44:52 status unpacked php8.4-mbstring:amd64 8.4.6-1+0~20250411.26+debian12~1.gbpda4ea7
2025-04-14 04:44:52 configure php8.4-mbstring:amd64 8.4.6-1+0~20250411.26+debian12~1.gbpda4ea7 <none>
2025-04-14 04:44:52 status installed php8.4-readline:amd64 8.4.6-1+0~20250411.26+debian12~1.gbpda4ea7
2025-04-14 04:44:52 status half-configured php8.4-readline:amd64 8.4.6-1+0~20250411.26+debian12~1.gbpda4ea7
2025-04-14 04:44:52 status unpacked php8.4-readline:amd64 8.4.6-1+0~20250411.26+debian12~1.gbpda4ea7
2025-04-14 04:44:52 configure php8.4-readline:amd64 8.4.6-1+0~20250411.26+debian12~1.gbpda4ea7 <none>
2025-04-14 04:44:52 status installed php8.4-ldap:amd64 8.4.6-1+0~20250411.26+debian12~1.gbpda4ea7
2025-04-14 04:44:51 status half-configured php8.4-ldap:amd64 8.4.6-1+0~20250411.26+debian12~1.gbpda4ea7
2025-04-14 04:44:51 status unpacked php8.4-ldap:amd64 8.4.6-1+0~20250411.26+debian12~1.gbpda4ea7
2025-04-14 04:44:51 configure php8.4-ldap:amd64 8.4.6-1+0~20250411.26+debian12~1.gbpda4ea7 <none>
2025-04-14 04:44:51 status installed php8.4-intl:amd64 8.4.6-1+0~20250411.26+debian12~1.gbpda4ea7
2025-04-14 04:44:51 status half-configured php8.4-intl:amd64 8.4.6-1+0~20250411.26+debian12~1.gbpda4ea7
2025-04-14 04:44:51 status unpacked php8.4-intl:amd64 8.4.6-1+0~20250411.26+debian12~1.gbpda4ea7
2025-04-14 04:44:51 configure php8.4-intl:amd64 8.4.6-1+0~20250411.26+debian12~1.gbpda4ea7 <none>
2025-04-14 04:44:51 status installed libperl5.36:amd64 5.36.0-7+deb12u2
2025-04-14 04:44:51 status half-configured libperl5.36:amd64 5.36.0-7+deb12u2
2025-04-14 04:44:51 status unpacked libperl5.36:amd64 5.36.0-7+deb12u2
2025-04-14 04:44:51 configure libperl5.36:amd64 5.36.0-7+deb12u2 <none>
2025-04-14 04:44:51 status installed php8.4-opcache:amd64 8.4.6-1+0~20250411.26+debian12~1.gbpda4ea7
2025-04-14 04:44:50 status half-configured php8.4-opcache:amd64 8.4.6-1+0~20250411.26+debian12~1.gbpda4ea7
2025-04-14 04:44:50 status unpacked php8.4-opcache:amd64 8.4.6-1+0~20250411.26+debian12~1.gbpda4ea7
2025-04-14 04:44:50 configure php8.4-opcache:amd64 8.4.6-1+0~20250411.26+debian12~1.gbpda4ea7 <none>
2025-04-14 04:44:50 status installed php8.4-soap:amd64 8.4.6-1+0~20250411.26+debian12~1.gbpda4ea7
2025-04-14 04:44:50 status half-configured php8.4-soap:amd64 8.4.6-1+0~20250411.26+debian12~1.gbpda4ea7
2025-04-14 04:44:50 status unpacked php8.4-soap:amd64 8.4.6-1+0~20250411.26+debian12~1.gbpda4ea7
2025-04-14 04:44:50 configure php8.4-soap:amd64 8.4.6-1+0~20250411.26+debian12~1.gbpda4ea7 <none>
2025-04-14 04:44:50 status installed php8.4-xml:amd64 8.4.6-1+0~20250411.26+debian12~1.gbpda4ea7
2025-04-14 04:44:47 status half-configured php8.4-xml:amd64 8.4.6-1+0~20250411.26+debian12~1.gbpda4ea7
2025-04-14 04:44:47 status unpacked php8.4-xml:amd64 8.4.6-1+0~20250411.26+debian12~1.gbpda4ea7
2025-04-14 04:44:47 configure php8.4-xml:amd64 8.4.6-1+0~20250411.26+debian12~1.gbpda4ea7 <none>
2025-04-14 04:44:47 status installed php8.4-bz2:amd64 8.4.6-1+0~20250411.26+debian12~1.gbpda4ea7
2025-04-14 04:44:47 status half-configured php8.4-bz2:amd64 8.4.6-1+0~20250411.26+debian12~1.gbpda4ea7
2025-04-14 04:44:47 status unpacked php8.4-bz2:amd64 8.4.6-1+0~20250411.26+debian12~1.gbpda4ea7
2025-04-14 04:44:47 configure php8.4-bz2:amd64 8.4.6-1+0~20250411.26+debian12~1.gbpda4ea7 <none>
2025-04-14 04:44:47 status installed php8.4-zip:amd64 8.4.6-1+0~20250411.26+debian12~1.gbpda4ea7
2025-04-14 04:44:47 status half-configured php8.4-zip:amd64 8.4.6-1+0~20250411.26+debian12~1.gbpda4ea7
2025-04-14 04:44:47 status unpacked php8.4-zip:amd64 8.4.6-1+0~20250411.26+debian12~1.gbpda4ea7
2025-04-14 04:44:47 configure php8.4-zip:amd64 8.4.6-1+0~20250411.26+debian12~1.gbpda4ea7 <none>
2025-04-14 04:44:47 status installed php8.4-bcmath:amd64 8.4.6-1+0~20250411.26+debian12~1.gbpda4ea7
2025-04-14 04:44:46 status half-configured php8.4-bcmath:amd64 8.4.6-1+0~20250411.26+debian12~1.gbpda4ea7
2025-04-14 04:44:46 status unpacked php8.4-bcmath:amd64 8.4.6-1+0~20250411.26+debian12~1.gbpda4ea7
2025-04-14 04:44:46 configure php8.4-bcmath:amd64 8.4.6-1+0~20250411.26+debian12~1.gbpda4ea7 <none>
2025-04-14 04:44:46 status installed perl-modules-5.36:all 5.36.0-7+deb12u2
2025-04-14 04:44:46 status half-configured perl-modules-5.36:all 5.36.0-7+deb12u2
2025-04-14 04:44:46 status unpacked perl-modules-5.36:all 5.36.0-7+deb12u2
2025-04-14 04:44:46 configure perl-modules-5.36:all 5.36.0-7+deb12u2 <none>
2025-04-14 04:44:46 status installed php8.4-pgsql:amd64 8.4.6-1+0~20250411.26+debian12~1.gbpda4ea7
2025-04-14 04:44:45 status half-configured php8.4-pgsql:amd64 8.4.6-1+0~20250411.26+debian12~1.gbpda4ea7
2025-04-14 04:44:45 status unpacked php8.4-pgsql:amd64 8.4.6-1+0~20250411.26+debian12~1.gbpda4ea7
2025-04-14 04:44:45 configure php8.4-pgsql:amd64 8.4.6-1+0~20250411.26+debian12~1.gbpda4ea7 <none>
2025-04-14 04:44:45 status installed php8.4-curl:amd64 8.4.6-1+0~20250411.26+debian12~1.gbpda4ea7
2025-04-14 04:44:45 status half-configured php8.4-curl:amd64 8.4.6-1+0~20250411.26+debian12~1.gbpda4ea7
2025-04-14 04:44:45 status unpacked php8.4-curl:amd64 8.4.6-1+0~20250411.26+debian12~1.gbpda4ea7
2025-04-14 04:44:45 configure php8.4-curl:amd64 8.4.6-1+0~20250411.26+debian12~1.gbpda4ea7 <none>
2025-04-14 04:44:45 status installed php8.4-gd:amd64 8.4.6-1+0~20250411.26+debian12~1.gbpda4ea7
2025-04-14 04:44:45 status half-configured php8.4-gd:amd64 8.4.6-1+0~20250411.26+debian12~1.gbpda4ea7
2025-04-14 04:44:45 status unpacked php8.4-gd:amd64 8.4.6-1+0~20250411.26+debian12~1.gbpda4ea7
2025-04-14 04:44:45 configure php8.4-gd:amd64 8.4.6-1+0~20250411.26+debian12~1.gbpda4ea7 <none>
2025-04-14 04:44:45 status installed linux-image-amd64:amd64 6.1.133-1
2025-04-14 04:44:45 status half-configured linux-image-amd64:amd64 6.1.133-1
2025-04-14 04:44:45 status unpacked linux-image-amd64:amd64 6.1.133-1
2025-04-14 04:44:45 configure linux-image-amd64:amd64 6.1.133-1 <none>
2025-04-14 04:44:45 status installed linux-libc-dev:amd64 6.1.133-1
2025-04-14 04:44:45 status half-configured linux-libc-dev:amd64 6.1.133-1
2025-04-14 04:44:45 status unpacked linux-libc-dev:amd64 6.1.133-1
2025-04-14 04:44:45 configure linux-libc-dev:amd64 6.1.133-1 <none>
2025-04-14 04:44:45 status installed php8.4-common:amd64 8.4.6-1+0~20250411.26+debian12~1.gbpda4ea7
2025-04-14 04:44:37 status half-configured php8.4-common:amd64 8.4.6-1+0~20250411.26+debian12~1.gbpda4ea7
2025-04-14 04:44:37 status unpacked php8.4-common:amd64 8.4.6-1+0~20250411.26+debian12~1.gbpda4ea7
2025-04-14 04:44:37 configure php8.4-common:amd64 8.4.6-1+0~20250411.26+debian12~1.gbpda4ea7 <none>
2025-04-14 04:44:37 status installed linux-image-6.1.0-33-amd64:amd64 6.1.133-1
2025-04-14 04:44:04 status half-configured linux-image-6.1.0-33-amd64:amd64 6.1.133-1
2025-04-14 04:44:04 status unpacked linux-image-6.1.0-33-amd64:amd64 6.1.133-1
2025-04-14 04:44:04 configure linux-image-6.1.0-33-amd64:amd64 6.1.133-1 <none>
2025-04-14 04:44:04 startup packages configure
2025-04-14 04:44:04 status unpacked php8.4-common:amd64 8.4.6-1+0~20250411.26+debian12~1.gbpda4ea7
2025-04-14 04:44:02 status half-installed php8.4-common:amd64 8.4.5-1+0~20250313.25+debian12~1.gbp6d77b0
2025-04-14 04:44:02 status unpacked php8.4-common:amd64 8.4.5-1+0~20250313.25+debian12~1.gbp6d77b0
2025-04-14 04:44:02 status half-configured php8.4-common:amd64 8.4.5-1+0~20250313.25+debian12~1.gbp6d77b0
b0 8.4.6-1+0~20250411.26+debian12~1.gbpda4ea7